// Jest Snapshot v1, https://goo.gl/fbAQLP

exports[`App renders correctly 1`] = `
<div
  class="App"
>
  <div
    class="NavBar"
  >
    <div
      class="logo"
    >
      <a
        href="/"
      >
        <span
          class="logo_first"
        >
          Musi
        </span>
        <span
          class="logo_last"
        >
          K
        </span>
      </a>
    </div>
    <div
      class="albums"
    >
      <a
        href="/albums"
      >
        Albums
      </a>
    </div>
    <div
      class="user"
    >
      <span>
        <span
          aria-label="user-icon"
          class="user-icon"
          role="img"
        >
          ðŸ™‚
        </span>
        <span
          aria-label="user-icon-hover"
          class="user-icon hover"
          role="img"
        >
          ðŸ˜Ž
        </span>
        Javi
      </span>
    </div>
  </div>
  <div
    class="Searcher"
  >
    <form>
      <input
        class="text-field"
        id="name"
        placeholder="Buscar canciÃ³n"
        type="text"
      />
      <button>
        <span
          aria-label="lupa"
          role="img"
        >
          ðŸ”Ž
        </span>
      </button>
    </form>
  </div>
  <div
    class="clear"
  />
  <h1>
    Â¡Bienvenido, Javi! Esta es tu lista de recomendados:
  </h1>
  <div
    class="home-content"
  >
    <div
      class="songs-list"
    />
  </div>
</div>
`;
